{"time":{"previousStart":1457078392},"json_parser.struct":{"db":{"key":"scalar"}},"json_parser.structVersion":2.0}